>plugins/ExtractSSU/example/OneProkaryoticGenome_1
acggctaccttgttacgacttcatcccagttaccaactacaccttaggaccctgccattgttgacgcaggtacttcgggtgcgatcggcttccatgatgtgacgggcggtgtgtacaagacccgggaacgtattcacggcaccgtagctgatgtgccattactagcgattccgacttcatggaggcgagttgcagcctccaatccgaactgagcccagttttgtagatttcctccacctcgcggtttcggttctcattgtactgagcattgtagtacgtgtgcagccctaggcgtaagggccatactgacctgacgtcatccccaccttcctcccggttgacccgggcggtctgaatagagtccccaccattacgtgctggcaactattcacaggggttgcgctcgttgctggacttaaccaaacatctcacgacacgagctgacgacggccatgcagcacctgtgtaaggtccccgaagggtcacacgctttcacgtgcttagcaatacatgtcaagcctaggtaaggttcttcgcgttgcatcgaattaagccacatactccaccgcttgtgcgggtccccgtcaatttctttgagttttagtcttgcgaccgtactccccaggcggtgcgcttaacgcgttagctccggcacggaaagggtcgaaccttcccacaccaagcgcacatcgtttactgctaggactacaggggtatctaatccctttcgctaccctagccttcgtacctcagcgtcagaaaatgtccagcaggctgccttcgccattggtcttcctcttgatatccacgcatttcactgctacaccaagaattccacctgcccctccatttctctagtctggcagtatcggatgcagttccggagttgagctccgggatttcacacctgacttaccaaaccgcctacgtactctttacgcccagtgattccgaataacgcttgggaccttcgtattaccgcggctgctggcacgaagttagccgtcccttcctcttgtgatactatcaaacatagctagctcttaaccgactatgccttactctcacatgacaggagtttacgaccctagggccttcatcctccacgcggcgttgcaccatcagactttcgtccattgtgaatgattctcgactgctgccacccgtaggtgtctggaccgtgtctcagttccagtgttgctgatcgtcctctcagaccagctacccgtcgtagccttggtgagccattacctcaccaacaagctgataggccgcgagccaatcttaaagcgacacccaaaggcatctttaatccgaagaccacatgcggtattaatctccctttcggaaggctatcccccactttaaggcatgttgctcacgtgttactaacccgtccgccactagaaataatcttagtaaactaatcatatttctcgttcgacttgcatgtcttatccacgccgccagcgttcattctgagccagaatcaaactct
